Flutter crash report.
Please report a bug at https://github.com/flutter/flutter/issues.

## command

flutter run -d chrome

## exception

WipError: WipError -32000 Cannot find context with specified id

```
```

## flutter doctor

```
[32m[✓][39m Flutter (Channel stable, 3.47.4, on Ubuntu 24.04.5 LTS 7.0.0-34-generic, locale en_US.UTF-8) [253ms]
    [32m•[39m Flutter version 3.47.4 on channel stable at /home/ibrahim/development/flutter
    [32m•[39m Upstream repository https://github.com/flutter/flutter.git
    [32m•[39m Framework revision 9584c6713b (2 weeks ago), 2026-09-10 15:25:10 -0700
    [32m•[39m Engine revision 06a2e2a110
    [32m•[39m Dart version 3.13.3
    [32m•[39m DevTools version 2.60.0
    [32m•[39m Feature flags: enable-web, enable-linux-desktop, enable-macos-desktop, enable-windows-desktop,
      enable-android, enable-ios, cli-animations, enable-native-assets, enable-record-use,
      enable-swift-package-manager, omit-legacy-version-file, enable-lldb-debugging,
      enable-uiscene-migration

[32m[✓][39m Android toolchain - develop for Android devices (Android SDK version 36.1.0) [15.2s]
    [32m•[39m Android SDK at /home/ibrahim/Desktop/ZanNext.app/Android/Sdk
    [32m•[39m Emulator version 36.1.9.0 (build_id 13823996) (CL:N/A)
    [32m•[39m Platform android-36, build-tools 36.1.0
    [32m•[39m Java binary at: /usr/lib/jvm/java-17-openjdk-amd64/bin/java
      This JDK is specified in your Flutter configuration.
      To change the current JDK, run: `flutter config --jdk-dir="path/to/jdk"`.
    [32m•[39m Java version OpenJDK Runtime Environment (build 17.0.20.1+1-1-24.04-Ubuntu)
    [32m•[39m All Android licenses accepted.

[32m[✓][39m Chrome - develop for the web [36ms]
    [32m•[39m Chrome at google-chrome

[31m[✗][39m Linux toolchain - develop for Linux desktop [792ms]
    [31m✗[39m clang++ is required for Linux development.
      It is likely available from your distribution (e.g.: apt install clang), or can be downloaded from
      https://releases.llvm.org/
    [31m✗[39m CMake is required for Linux development.
      It is likely available from your distribution (e.g.: apt install cmake), or can be downloaded from
      https://cmake.org/download/
    [31m✗[39m ninja is required for Linux development.
      It is likely available from your distribution (e.g.: apt install ninja-build), or can be downloaded
      from https://github.com/ninja-build/ninja/releases
    [32m•[39m pkg-config version 1.8.1
    [31m✗[39m GTK 3.0 development libraries are required for Linux development.
      They are likely available from your distribution (e.g.: apt install libgtk-3-dev)
    [32m•[39m OpenGL core renderer: Mesa Intel(R) UHD Graphics 620 (KBL GT2)
    [32m•[39m OpenGL core version: 4.6 (Core Profile) Mesa 25.2.8-0ubuntu0.24.04.2
    [32m•[39m OpenGL core shading language version: 4.60
    [32m•[39m OpenGL ES renderer: Mesa Intel(R) UHD Graphics 620 (KBL GT2)
    [32m•[39m OpenGL ES version: OpenGL ES 3.2 Mesa 25.2.8-0ubuntu0.24.04.2
    [32m•[39m OpenGL ES shading language version: OpenGL ES GLSL ES 3.20
    [32m•[39m GL_EXT_framebuffer_blit: yes
    [32m•[39m GL_EXT_texture_format_BGRA8888: yes

[32m[✓][39m Connected device (2 available) [1,216ms]
    [32m•[39m Linux (desktop) • linux  • linux-x64      • Ubuntu 24.04.5 LTS 7.0.0-34-generic
    [32m•[39m Chrome (web)    • chrome • web-javascript • Google Chrome 154.0.8037.57

[32m[✓][39m Network resources [1,495ms]
    [32m•[39m All expected network resources are available.

[33m![39m Doctor found issues in 1 category.
```
